  Determining projects to restore...
C:\Users\RoYaA\source\repos\Mw8969040\LifeQuest\LifeQuest.DAL\LifeQuest.DAL.csproj : warning NU1903: Package 'AutoMapper' 12.0.1 has a known high severity vulnerability, https://github.com/advisories/GHSA-rvv3-g6hj-g44x [C:\Users\RoYaA\source\repos\Mw8969040\LifeQuest\LifeQuest.sln]
C:\Users\RoYaA\source\repos\Mw8969040\LifeQuest\LifeQuest.BLL\LifeQuest.BLL.csproj : warning NU1903: Package 'AutoMapper' 12.0.1 has a known high severity vulnerability, https://github.com/advisories/GHSA-rvv3-g6hj-g44x [C:\Users\RoYaA\source\repos\Mw8969040\LifeQuest\LifeQuest.sln]
C:\Users\RoYaA\source\repos\Mw8969040\LifeQuest\LIfeQuest.PresentationLayer\LIfeQuest.PL.csproj : warning NU1903: Package 'AutoMapper' 12.0.1 has a known high severity vulnerability, https://github.com/advisories/GHSA-rvv3-g6hj-g44x [C:\Users\RoYaA\source\repos\Mw8969040\LifeQuest\LifeQuest.sln]
  All projects are up-to-date for restore.
C:\Users\RoYaA\source\repos\Mw8969040\LifeQuest\LifeQuest.BLL\LifeQuest.BLL.csproj : warning NU1903: Package 'AutoMapper' 12.0.1 has a known high severity vulnerability, https://github.com/advisories/GHSA-rvv3-g6hj-g44x
C:\Users\RoYaA\source\repos\Mw8969040\LifeQuest\LifeQuest.DAL\LifeQuest.DAL.csproj : warning NU1903: Package 'AutoMapper' 12.0.1 has a known high severity vulnerability, https://github.com/advisories/GHSA-rvv3-g6hj-g44x
  LifeQuest.DAL -> C:\Users\RoYaA\source\repos\Mw8969040\LifeQuest\LifeQuest.DAL\bin\Debug\net8.0\LifeQuest.DAL.dll
C:\Users\RoYaA\source\repos\Mw8969040\LifeQuest\LIfeQuest.PresentationLayer\LIfeQuest.PL.csproj : warning NU1903: Package 'AutoMapper' 12.0.1 has a known high severity vulnerability, https://github.com/advisories/GHSA-rvv3-g6hj-g44x
  LifeQuest.BLL -> C:\Users\RoYaA\source\repos\Mw8969040\LifeQuest\LifeQuest.BLL\bin\Debug\net8.0\LifeQuest.BLL.dll
C:\Program Files\dotnet\sdk\10.0.201\Microsoft.Common.CurrentVersion.targets(5094,5): warning MSB3026: Could not copy "C:\Users\RoYaA\source\repos\Mw8969040\LifeQuest\LifeQuest.DAL\bin\Debug\net8.0\LifeQuest.DAL.dll" to "bin\Debug\net8.0\LifeQuest.DAL.dll". Beginning retry 1 in 1000ms. The process cannot access the file 'C:\Users\RoYaA\source\repos\Mw8969040\LifeQuest\LIfeQuest.PresentationLayer\bin\Debug\net8.0\LifeQuest.DAL.dll' because it is being used by another process. The file is locked by: "LIfeQuest.PL (17716)" [C:\Users\RoYaA\source\repos\Mw8969040\LifeQuest\LIfeQuest.PresentationLayer\LIfeQuest.PL.csproj]
C:\Program Files\dotnet\sdk\10.0.201\Microsoft.Common.CurrentVersion.targets(5094,5): warning MSB3026: Could not copy "C:\Users\RoYaA\source\repos\Mw8969040\LifeQuest\LifeQuest.BLL\bin\Debug\net8.0\LifeQuest.BLL.pdb" to "bin\Debug\net8.0\LifeQuest.BLL.pdb". Beginning retry 1 in 1000ms. The process cannot access the file 'C:\Users\RoYaA\source\repos\Mw8969040\LifeQuest\LIfeQuest.PresentationLayer\bin\Debug\net8.0\LifeQuest.BLL.pdb' because it is being used by another process. The file is locked by: "LIfeQuest.PL (17716)" [C:\Users\RoYaA\source\repos\Mw8969040\LifeQuest\LIfeQuest.PresentationLayer\LIfeQuest.PL.csproj]
C:\Program Files\dotnet\sdk\10.0.201\Microsoft.Common.CurrentVersion.targets(5094,5): warning MSB3026: Could not copy "C:\Users\RoYaA\source\repos\Mw8969040\LifeQuest\LifeQuest.DAL\bin\Debug\net8.0\LifeQuest.DAL.pdb" to "bin\Debug\net8.0\LifeQuest.DAL.pdb". Beginning retry 1 in 1000ms. The process cannot access the file 'C:\Users\RoYaA\source\repos\Mw8969040\LifeQuest\LIfeQuest.PresentationLayer\bin\Debug\net8.0\LifeQuest.DAL.pdb' because it is being used by another process. The file is locked by: "LIfeQuest.PL (17716)" [C:\Users\RoYaA\source\repos\Mw8969040\LifeQuest\LIfeQuest.PresentationLayer\LIfeQuest.PL.csproj]
C:\Program Files\dotnet\sdk\10.0.201\Microsoft.Common.CurrentVersion.targets(5094,5): warning MSB3026: Could not copy "C:\Users\RoYaA\source\repos\Mw8969040\LifeQuest\LifeQuest.BLL\bin\Debug\net8.0\LifeQuest.BLL.dll" to "bin\Debug\net8.0\LifeQuest.BLL.dll". Beginning retry 1 in 1000ms. The process cannot access the file 'C:\Users\RoYaA\source\repos\Mw8969040\LifeQuest\LIfeQuest.PresentationLayer\bin\Debug\net8.0\LifeQuest.BLL.dll' because it is being used by another process. The file is locked by: "LIfeQuest.PL (17716)" [C:\Users\RoYaA\source\repos\Mw8969040\LifeQuest\LIfeQuest.PresentationLayer\LIfeQuest.PL.csproj]
C:\Program Files\dotnet\sdk\10.0.201\Microsoft.Common.CurrentVersion.targets(5094,5): warning MSB3026: Could not copy "C:\Users\RoYaA\source\repos\Mw8969040\LifeQuest\LifeQuest.BLL\bin\Debug\net8.0\LifeQuest.BLL.dll" to "bin\Debug\net8.0\LifeQuest.BLL.dll". Beginning retry 2 in 1000ms. The process cannot access the file 'C:\Users\RoYaA\source\repos\Mw8969040\LifeQuest\LIfeQuest.PresentationLayer\bin\Debug\net8.0\LifeQuest.BLL.dll' because it is being used by another process. The file is locked by: "LIfeQuest.PL (17716)" [C:\Users\RoYaA\source\repos\Mw8969040\LifeQuest\LIfeQuest.PresentationLayer\LIfeQuest.PL.csproj]
C:\Program Files\dotnet\sdk\10.0.201\Microsoft.Common.CurrentVersion.targets(5094,5): warning MSB3026: Could not copy "C:\Users\RoYaA\source\repos\Mw8969040\LifeQuest\LifeQuest.DAL\bin\Debug\net8.0\LifeQuest.DAL.pdb" to "bin\Debug\net8.0\LifeQuest.DAL.pdb". Beginning retry 2 in 1000ms. The process cannot access the file 'C:\Users\RoYaA\source\repos\Mw8969040\LifeQuest\LIfeQuest.PresentationLayer\bin\Debug\net8.0\LifeQuest.DAL.pdb' because it is being used by another process. The file is locked by: "LIfeQuest.PL (17716)" [C:\Users\RoYaA\source\repos\Mw8969040\LifeQuest\LIfeQuest.PresentationLayer\LIfeQuest.PL.csproj]
C:\Program Files\dotnet\sdk\10.0.201\Microsoft.Common.CurrentVersion.targets(5094,5): warning MSB3026: Could not copy "C:\Users\RoYaA\source\repos\Mw8969040\LifeQuest\LifeQuest.BLL\bin\Debug\net8.0\LifeQuest.BLL.pdb" to "bin\Debug\net8.0\LifeQuest.BLL.pdb". Beginning retry 2 in 1000ms. The process cannot access the file 'C:\Users\RoYaA\source\repos\Mw8969040\LifeQuest\LIfeQuest.PresentationLayer\bin\Debug\net8.0\LifeQuest.BLL.pdb' because it is being used by another process. The file is locked by: "LIfeQuest.PL (17716)" [C:\Users\RoYaA\source\repos\Mw8969040\LifeQuest\LIfeQuest.PresentationLayer\LIfeQuest.PL.csproj]
C:\Program Files\dotnet\sdk\10.0.201\Microsoft.Common.CurrentVersion.targets(5094,5): warning MSB3026: Could not copy "C:\Users\RoYaA\source\repos\Mw8969040\LifeQuest\LifeQuest.DAL\bin\Debug\net8.0\LifeQuest.DAL.dll" to "bin\Debug\net8.0\LifeQuest.DAL.dll". Beginning retry 2 in 1000ms. The process cannot access the file 'C:\Users\RoYaA\source\repos\Mw8969040\LifeQuest\LIfeQuest.PresentationLayer\bin\Debug\net8.0\LifeQuest.DAL.dll' because it is being used by another process. The file is locked by: "LIfeQuest.PL (17716)" [C:\Users\RoYaA\source\repos\Mw8969040\LifeQuest\LIfeQuest.PresentationLayer\LIfeQuest.PL.csproj]
C:\Program Files\dotnet\sdk\10.0.201\Microsoft.Common.CurrentVersion.targets(5094,5): warning MSB3026: Could not copy "C:\Users\RoYaA\source\repos\Mw8969040\LifeQuest\LifeQuest.DAL\bin\Debug\net8.0\LifeQuest.DAL.dll" to "bin\Debug\net8.0\LifeQuest.DAL.dll". Beginning retry 3 in 1000ms. The process cannot access the file 'C:\Users\RoYaA\source\repos\Mw8969040\LifeQuest\LIfeQuest.PresentationLayer\bin\Debug\net8.0\LifeQuest.DAL.dll' because it is being used by another process. The file is locked by: "LIfeQuest.PL (17716)" [C:\Users\RoYaA\source\repos\Mw8969040\LifeQuest\LIfeQuest.PresentationLayer\LIfeQuest.PL.csproj]
C:\Program Files\dotnet\sdk\10.0.201\Microsoft.Common.CurrentVersion.targets(5094,5): warning MSB3026: Could not copy "C:\Users\RoYaA\source\repos\Mw8969040\LifeQuest\LifeQuest.BLL\bin\Debug\net8.0\LifeQuest.BLL.pdb" to "bin\Debug\net8.0\LifeQuest.BLL.pdb". Beginning retry 3 in 1000ms. The process cannot access the file 'C:\Users\RoYaA\source\repos\Mw8969040\LifeQuest\LIfeQuest.PresentationLayer\bin\Debug\net8.0\LifeQuest.BLL.pdb' because it is being used by another process. The file is locked by: "LIfeQuest.PL (17716)" [C:\Users\RoYaA\source\repos\Mw8969040\LifeQuest\LIfeQuest.PresentationLayer\LIfeQuest.PL.csproj]
C:\Program Files\dotnet\sdk\10.0.201\Microsoft.Common.CurrentVersion.targets(5094,5): warning MSB3026: Could not copy "C:\Users\RoYaA\source\repos\Mw8969040\LifeQuest\LifeQuest.BLL\bin\Debug\net8.0\LifeQuest.BLL.dll" to "bin\Debug\net8.0\LifeQuest.BLL.dll". Beginning retry 3 in 1000ms. The process cannot access the file 'C:\Users\RoYaA\source\repos\Mw8969040\LifeQuest\LIfeQuest.PresentationLayer\bin\Debug\net8.0\LifeQuest.BLL.dll' because it is being used by another process. The file is locked by: "LIfeQuest.PL (17716)" [C:\Users\RoYaA\source\repos\Mw8969040\LifeQuest\LIfeQuest.PresentationLayer\LIfeQuest.PL.csproj]
C:\Program Files\dotnet\sdk\10.0.201\Microsoft.Common.CurrentVersion.targets(5094,5): warning MSB3026: Could not copy "C:\Users\RoYaA\source\repos\Mw8969040\LifeQuest\LifeQuest.DAL\bin\Debug\net8.0\LifeQuest.DAL.pdb" to "bin\Debug\net8.0\LifeQuest.DAL.pdb". Beginning retry 3 in 1000ms. The process cannot access the file 'C:\Users\RoYaA\source\repos\Mw8969040\LifeQuest\LIfeQuest.PresentationLayer\bin\Debug\net8.0\LifeQuest.DAL.pdb' because it is being used by another process. The file is locked by: "LIfeQuest.PL (17716)" [C:\Users\RoYaA\source\repos\Mw8969040\LifeQuest\LIfeQuest.PresentationLayer\LIfeQuest.PL.csproj]
C:\Program Files\dotnet\sdk\10.0.201\Microsoft.Common.CurrentVersion.targets(5094,5): warning MSB3026: Could not copy "C:\Users\RoYaA\source\repos\Mw8969040\LifeQuest\LifeQuest.DAL\bin\Debug\net8.0\LifeQuest.DAL.dll" to "bin\Debug\net8.0\LifeQuest.DAL.dll". Beginning retry 4 in 1000ms. The process cannot access the file 'C:\Users\RoYaA\source\repos\Mw8969040\LifeQuest\LIfeQuest.PresentationLayer\bin\Debug\net8.0\LifeQuest.DAL.dll' because it is being used by another process. The file is locked by: "LIfeQuest.PL (17716)" [C:\Users\RoYaA\source\repos\Mw8969040\LifeQuest\LIfeQuest.PresentationLayer\LIfeQuest.PL.csproj]
C:\Program Files\dotnet\sdk\10.0.201\Microsoft.Common.CurrentVersion.targets(5094,5): warning MSB3026: Could not copy "C:\Users\RoYaA\source\repos\Mw8969040\LifeQuest\LifeQuest.BLL\bin\Debug\net8.0\LifeQuest.BLL.pdb" to "bin\Debug\net8.0\LifeQuest.BLL.pdb". Beginning retry 4 in 1000ms. The process cannot access the file 'C:\Users\RoYaA\source\repos\Mw8969040\LifeQuest\LIfeQuest.PresentationLayer\bin\Debug\net8.0\LifeQuest.BLL.pdb' because it is being used by another process. The file is locked by: "LIfeQuest.PL (17716)" [C:\Users\RoYaA\source\repos\Mw8969040\LifeQuest\LIfeQuest.PresentationLayer\LIfeQuest.PL.csproj]
C:\Program Files\dotnet\sdk\10.0.201\Microsoft.Common.CurrentVersion.targets(5094,5): warning MSB3026: Could not copy "C:\Users\RoYaA\source\repos\Mw8969040\LifeQuest\LifeQuest.DAL\bin\Debug\net8.0\LifeQuest.DAL.pdb" to "bin\Debug\net8.0\LifeQuest.DAL.pdb". Beginning retry 4 in 1000ms. The process cannot access the file 'C:\Users\RoYaA\source\repos\Mw8969040\LifeQuest\LIfeQuest.PresentationLayer\bin\Debug\net8.0\LifeQuest.DAL.pdb' because it is being used by another process. The file is locked by: "LIfeQuest.PL (17716)" [C:\Users\RoYaA\source\repos\Mw8969040\LifeQuest\LIfeQuest.PresentationLayer\LIfeQuest.PL.csproj]
C:\Program Files\dotnet\sdk\10.0.201\Microsoft.Common.CurrentVersion.targets(5094,5): warning MSB3026: Could not copy "C:\Users\RoYaA\source\repos\Mw8969040\LifeQuest\LifeQuest.BLL\bin\Debug\net8.0\LifeQuest.BLL.dll" to "bin\Debug\net8.0\LifeQuest.BLL.dll". Beginning retry 4 in 1000ms. The process cannot access the file 'C:\Users\RoYaA\source\repos\Mw8969040\LifeQuest\LIfeQuest.PresentationLayer\bin\Debug\net8.0\LifeQuest.BLL.dll' because it is being used by another process. The file is locked by: "LIfeQuest.PL (17716)" [C:\Users\RoYaA\source\repos\Mw8969040\LifeQuest\LIfeQuest.PresentationLayer\LIfeQuest.PL.csproj]
C:\Program Files\dotnet\sdk\10.0.201\Microsoft.Common.CurrentVersion.targets(5094,5): warning MSB3026: Could not copy "C:\Users\RoYaA\source\repos\Mw8969040\LifeQuest\LifeQuest.DAL\bin\Debug\net8.0\LifeQuest.DAL.pdb" to "bin\Debug\net8.0\LifeQuest.DAL.pdb". Beginning retry 5 in 1000ms. The process cannot access the file 'C:\Users\RoYaA\source\repos\Mw8969040\LifeQuest\LIfeQuest.PresentationLayer\bin\Debug\net8.0\LifeQuest.DAL.pdb' because it is being used by another process. The file is locked by: "LIfeQuest.PL (17716)" [C:\Users\RoYaA\source\repos\Mw8969040\LifeQuest\LIfeQuest.PresentationLayer\LIfeQuest.PL.csproj]
C:\Program Files\dotnet\sdk\10.0.201\Microsoft.Common.CurrentVersion.targets(5094,5): warning MSB3026: Could not copy "C:\Users\RoYaA\source\repos\Mw8969040\LifeQuest\LifeQuest.BLL\bin\Debug\net8.0\LifeQuest.BLL.pdb" to "bin\Debug\net8.0\LifeQuest.BLL.pdb". Beginning retry 5 in 1000ms. The process cannot access the file 'C:\Users\RoYaA\source\repos\Mw8969040\LifeQuest\LIfeQuest.PresentationLayer\bin\Debug\net8.0\LifeQuest.BLL.pdb' because it is being used by another process. The file is locked by: "LIfeQuest.PL (17716)" [C:\Users\RoYaA\source\repos\Mw8969040\LifeQuest\LIfeQuest.PresentationLayer\LIfeQuest.PL.csproj]
C:\Program Files\dotnet\sdk\10.0.201\Microsoft.Common.CurrentVersion.targets(5094,5): warning MSB3026: Could not copy "C:\Users\RoYaA\source\repos\Mw8969040\LifeQuest\LifeQuest.BLL\bin\Debug\net8.0\LifeQuest.BLL.dll" to "bin\Debug\net8.0\LifeQuest.BLL.dll". Beginning retry 5 in 1000ms. The process cannot access the file 'C:\Users\RoYaA\source\repos\Mw8969040\LifeQuest\LIfeQuest.PresentationLayer\bin\Debug\net8.0\LifeQuest.BLL.dll' because it is being used by another process. The file is locked by: "LIfeQuest.PL (17716)" [C:\Users\RoYaA\source\repos\Mw8969040\LifeQuest\LIfeQuest.PresentationLayer\LIfeQuest.PL.csproj]
C:\Program Files\dotnet\sdk\10.0.201\Microsoft.Common.CurrentVersion.targets(5094,5): warning MSB3026: Could not copy "C:\Users\RoYaA\source\repos\Mw8969040\LifeQuest\LifeQuest.DAL\bin\Debug\net8.0\LifeQuest.DAL.dll" to "bin\Debug\net8.0\LifeQuest.DAL.dll". Beginning retry 5 in 1000ms. The process cannot access the file 'C:\Users\RoYaA\source\repos\Mw8969040\LifeQuest\LIfeQuest.PresentationLayer\bin\Debug\net8.0\LifeQuest.DAL.dll' because it is being used by another process. The file is locked by: "LIfeQuest.PL (17716)" [C:\Users\RoYaA\source\repos\Mw8969040\LifeQuest\LIfeQuest.PresentationLayer\LIfeQuest.PL.csproj]
C:\Program Files\dotnet\sdk\10.0.201\Microsoft.Common.CurrentVersion.targets(5094,5): warning MSB3026: Could not copy "C:\Users\RoYaA\source\repos\Mw8969040\LifeQuest\LifeQuest.DAL\bin\Debug\net8.0\LifeQuest.DAL.dll" to "bin\Debug\net8.0\LifeQuest.DAL.dll". Beginning retry 6 in 1000ms. The process cannot access the file 'C:\Users\RoYaA\source\repos\Mw8969040\LifeQuest\LIfeQuest.PresentationLayer\bin\Debug\net8.0\LifeQuest.DAL.dll' because it is being used by another process. The file is locked by: "LIfeQuest.PL (17716)" [C:\Users\RoYaA\source\repos\Mw8969040\LifeQuest\LIfeQuest.PresentationLayer\LIfeQuest.PL.csproj]
C:\Program Files\dotnet\sdk\10.0.201\Microsoft.Common.CurrentVersion.targets(5094,5): warning MSB3026: Could not copy "C:\Users\RoYaA\source\repos\Mw8969040\LifeQuest\LifeQuest.BLL\bin\Debug\net8.0\LifeQuest.BLL.dll" to "bin\Debug\net8.0\LifeQuest.BLL.dll". Beginning retry 6 in 1000ms. The process cannot access the file 'C:\Users\RoYaA\source\repos\Mw8969040\LifeQuest\LIfeQuest.PresentationLayer\bin\Debug\net8.0\LifeQuest.BLL.dll' because it is being used by another process. The file is locked by: "LIfeQuest.PL (17716)" [C:\Users\RoYaA\source\repos\Mw8969040\LifeQuest\LIfeQuest.PresentationLayer\LIfeQuest.PL.csproj]
C:\Program Files\dotnet\sdk\10.0.201\Microsoft.Common.CurrentVersion.targets(5094,5): warning MSB3026: Could not copy "C:\Users\RoYaA\source\repos\Mw8969040\LifeQuest\LifeQuest.DAL\bin\Debug\net8.0\LifeQuest.DAL.pdb" to "bin\Debug\net8.0\LifeQuest.DAL.pdb". Beginning retry 6 in 1000ms. The process cannot access the file 'C:\Users\RoYaA\source\repos\Mw8969040\LifeQuest\LIfeQuest.PresentationLayer\bin\Debug\net8.0\LifeQuest.DAL.pdb' because it is being used by another process. The file is locked by: "LIfeQuest.PL (17716)" [C:\Users\RoYaA\source\repos\Mw8969040\LifeQuest\LIfeQuest.PresentationLayer\LIfeQuest.PL.csproj]
C:\Program Files\dotnet\sdk\10.0.201\Microsoft.Common.CurrentVersion.targets(5094,5): warning MSB3026: Could not copy "C:\Users\RoYaA\source\repos\Mw8969040\LifeQuest\LifeQuest.BLL\bin\Debug\net8.0\LifeQuest.BLL.pdb" to "bin\Debug\net8.0\LifeQuest.BLL.pdb". Beginning retry 6 in 1000ms. The process cannot access the file 'C:\Users\RoYaA\source\repos\Mw8969040\LifeQuest\LIfeQuest.PresentationLayer\bin\Debug\net8.0\LifeQuest.BLL.pdb' because it is being used by another process. The file is locked by: "LIfeQuest.PL (17716)" [C:\Users\RoYaA\source\repos\Mw8969040\LifeQuest\LIfeQuest.PresentationLayer\LIfeQuest.PL.csproj]
C:\Program Files\dotnet\sdk\10.0.201\Microsoft.Common.CurrentVersion.targets(5094,5): warning MSB3026: Could not copy "C:\Users\RoYaA\source\repos\Mw8969040\LifeQuest\LifeQuest.DAL\bin\Debug\net8.0\LifeQuest.DAL.dll" to "bin\Debug\net8.0\LifeQuest.DAL.dll". Beginning retry 7 in 1000ms. The process cannot access the file 'C:\Users\RoYaA\source\repos\Mw8969040\LifeQuest\LIfeQuest.PresentationLayer\bin\Debug\net8.0\LifeQuest.DAL.dll' because it is being used by another process. The file is locked by: "LIfeQuest.PL (17716)" [C:\Users\RoYaA\source\repos\Mw8969040\LifeQuest\LIfeQuest.PresentationLayer\LIfeQuest.PL.csproj]
C:\Program Files\dotnet\sdk\10.0.201\Microsoft.Common.CurrentVersion.targets(5094,5): warning MSB3026: Could not copy "C:\Users\RoYaA\source\repos\Mw8969040\LifeQuest\LifeQuest.BLL\bin\Debug\net8.0\LifeQuest.BLL.dll" to "bin\Debug\net8.0\LifeQuest.BLL.dll". Beginning retry 7 in 1000ms. The process cannot access the file 'C:\Users\RoYaA\source\repos\Mw8969040\LifeQuest\LIfeQuest.PresentationLayer\bin\Debug\net8.0\LifeQuest.BLL.dll' because it is being used by another process. The file is locked by: "LIfeQuest.PL (17716)" [C:\Users\RoYaA\source\repos\Mw8969040\LifeQuest\LIfeQuest.PresentationLayer\LIfeQuest.PL.csproj]
C:\Program Files\dotnet\sdk\10.0.201\Microsoft.Common.CurrentVersion.targets(5094,5): warning MSB3026: Could not copy "C:\Users\RoYaA\source\repos\Mw8969040\LifeQuest\LifeQuest.BLL\bin\Debug\net8.0\LifeQuest.BLL.pdb" to "bin\Debug\net8.0\LifeQuest.BLL.pdb". Beginning retry 7 in 1000ms. The process cannot access the file 'C:\Users\RoYaA\source\repos\Mw8969040\LifeQuest\LIfeQuest.PresentationLayer\bin\Debug\net8.0\LifeQuest.BLL.pdb' because it is being used by another process. The file is locked by: "LIfeQuest.PL (17716)" [C:\Users\RoYaA\source\repos\Mw8969040\LifeQuest\LIfeQuest.PresentationLayer\LIfeQuest.PL.csproj]
C:\Program Files\dotnet\sdk\10.0.201\Microsoft.Common.CurrentVersion.targets(5094,5): warning MSB3026: Could not copy "C:\Users\RoYaA\source\repos\Mw8969040\LifeQuest\LifeQuest.DAL\bin\Debug\net8.0\LifeQuest.DAL.pdb" to "bin\Debug\net8.0\LifeQuest.DAL.pdb". Beginning retry 7 in 1000ms. The process cannot access the file 'C:\Users\RoYaA\source\repos\Mw8969040\LifeQuest\LIfeQuest.PresentationLayer\bin\Debug\net8.0\LifeQuest.DAL.pdb' because it is being used by another process. The file is locked by: "LIfeQuest.PL (17716)" [C:\Users\RoYaA\source\repos\Mw8969040\LifeQuest\LIfeQuest.PresentationLayer\LIfeQuest.PL.csproj]
C:\Program Files\dotnet\sdk\10.0.201\Microsoft.Common.CurrentVersion.targets(5094,5): warning MSB3026: Could not copy "C:\Users\RoYaA\source\repos\Mw8969040\LifeQuest\LifeQuest.DAL\bin\Debug\net8.0\LifeQuest.DAL.pdb" to "bin\Debug\net8.0\LifeQuest.DAL.pdb". Beginning retry 8 in 1000ms. The process cannot access the file 'C:\Users\RoYaA\source\repos\Mw8969040\LifeQuest\LIfeQuest.PresentationLayer\bin\Debug\net8.0\LifeQuest.DAL.pdb' because it is being used by another process. The file is locked by: "LIfeQuest.PL (17716)" [C:\Users\RoYaA\source\repos\Mw8969040\LifeQuest\LIfeQuest.PresentationLayer\LIfeQuest.PL.csproj]
C:\Program Files\dotnet\sdk\10.0.201\Microsoft.Common.CurrentVersion.targets(5094,5): warning MSB3026: Could not copy "C:\Users\RoYaA\source\repos\Mw8969040\LifeQuest\LifeQuest.DAL\bin\Debug\net8.0\LifeQuest.DAL.dll" to "bin\Debug\net8.0\LifeQuest.DAL.dll". Beginning retry 8 in 1000ms. The process cannot access the file 'C:\Users\RoYaA\source\repos\Mw8969040\LifeQuest\LIfeQuest.PresentationLayer\bin\Debug\net8.0\LifeQuest.DAL.dll' because it is being used by another process. The file is locked by: "LIfeQuest.PL (17716)" [C:\Users\RoYaA\source\repos\Mw8969040\LifeQuest\LIfeQuest.PresentationLayer\LIfeQuest.PL.csproj]
C:\Program Files\dotnet\sdk\10.0.201\Microsoft.Common.CurrentVersion.targets(5094,5): warning MSB3026: Could not copy "C:\Users\RoYaA\source\repos\Mw8969040\LifeQuest\LifeQuest.BLL\bin\Debug\net8.0\LifeQuest.BLL.dll" to "bin\Debug\net8.0\LifeQuest.BLL.dll". Beginning retry 8 in 1000ms. The process cannot access the file 'C:\Users\RoYaA\source\repos\Mw8969040\LifeQuest\LIfeQuest.PresentationLayer\bin\Debug\net8.0\LifeQuest.BLL.dll' because it is being used by another process. The file is locked by: "LIfeQuest.PL (17716)" [C:\Users\RoYaA\source\repos\Mw8969040\LifeQuest\LIfeQuest.PresentationLayer\LIfeQuest.PL.csproj]
C:\Program Files\dotnet\sdk\10.0.201\Microsoft.Common.CurrentVersion.targets(5094,5): warning MSB3026: Could not copy "C:\Users\RoYaA\source\repos\Mw8969040\LifeQuest\LifeQuest.BLL\bin\Debug\net8.0\LifeQuest.BLL.pdb" to "bin\Debug\net8.0\LifeQuest.BLL.pdb". Beginning retry 8 in 1000ms. The process cannot access the file 'C:\Users\RoYaA\source\repos\Mw8969040\LifeQuest\LIfeQuest.PresentationLayer\bin\Debug\net8.0\LifeQuest.BLL.pdb' because it is being used by another process. The file is locked by: "LIfeQuest.PL (17716)" [C:\Users\RoYaA\source\repos\Mw8969040\LifeQuest\LIfeQuest.PresentationLayer\LIfeQuest.PL.csproj]
C:\Program Files\dotnet\sdk\10.0.201\Microsoft.Common.CurrentVersion.targets(5094,5): warning MSB3026: Could not copy "C:\Users\RoYaA\source\repos\Mw8969040\LifeQuest\LifeQuest.BLL\bin\Debug\net8.0\LifeQuest.BLL.pdb" to "bin\Debug\net8.0\LifeQuest.BLL.pdb". Beginning retry 9 in 1000ms. The process cannot access the file 'C:\Users\RoYaA\source\repos\Mw8969040\LifeQuest\LIfeQuest.PresentationLayer\bin\Debug\net8.0\LifeQuest.BLL.pdb' because it is being used by another process. The file is locked by: "LIfeQuest.PL (17716)" [C:\Users\RoYaA\source\repos\Mw8969040\LifeQuest\LIfeQuest.PresentationLayer\LIfeQuest.PL.csproj]
C:\Program Files\dotnet\sdk\10.0.201\Microsoft.Common.CurrentVersion.targets(5094,5): warning MSB3026: Could not copy "C:\Users\RoYaA\source\repos\Mw8969040\LifeQuest\LifeQuest.DAL\bin\Debug\net8.0\LifeQuest.DAL.pdb" to "bin\Debug\net8.0\LifeQuest.DAL.pdb". Beginning retry 9 in 1000ms. The process cannot access the file 'C:\Users\RoYaA\source\repos\Mw8969040\LifeQuest\LIfeQuest.PresentationLayer\bin\Debug\net8.0\LifeQuest.DAL.pdb' because it is being used by another process. The file is locked by: "LIfeQuest.PL (17716)" [C:\Users\RoYaA\source\repos\Mw8969040\LifeQuest\LIfeQuest.PresentationLayer\LIfeQuest.PL.csproj]
C:\Program Files\dotnet\sdk\10.0.201\Microsoft.Common.CurrentVersion.targets(5094,5): warning MSB3026: Could not copy "C:\Users\RoYaA\source\repos\Mw8969040\LifeQuest\LifeQuest.BLL\bin\Debug\net8.0\LifeQuest.BLL.dll" to "bin\Debug\net8.0\LifeQuest.BLL.dll". Beginning retry 9 in 1000ms. The process cannot access the file 'C:\Users\RoYaA\source\repos\Mw8969040\LifeQuest\LIfeQuest.PresentationLayer\bin\Debug\net8.0\LifeQuest.BLL.dll' because it is being used by another process. The file is locked by: "LIfeQuest.PL (17716)" [C:\Users\RoYaA\source\repos\Mw8969040\LifeQuest\LIfeQuest.PresentationLayer\LIfeQuest.PL.csproj]
C:\Program Files\dotnet\sdk\10.0.201\Microsoft.Common.CurrentVersion.targets(5094,5): warning MSB3026: Could not copy "C:\Users\RoYaA\source\repos\Mw8969040\LifeQuest\LifeQuest.DAL\bin\Debug\net8.0\LifeQuest.DAL.dll" to "bin\Debug\net8.0\LifeQuest.DAL.dll". Beginning retry 9 in 1000ms. The process cannot access the file 'C:\Users\RoYaA\source\repos\Mw8969040\LifeQuest\LIfeQuest.PresentationLayer\bin\Debug\net8.0\LifeQuest.DAL.dll' because it is being used by another process. The file is locked by: "LIfeQuest.PL (17716)" [C:\Users\RoYaA\source\repos\Mw8969040\LifeQuest\LIfeQuest.PresentationLayer\LIfeQuest.PL.csproj]
C:\Program Files\dotnet\sdk\10.0.201\Microsoft.Common.CurrentVersion.targets(5094,5): warning MSB3026: Could not copy "C:\Users\RoYaA\source\repos\Mw8969040\LifeQuest\LifeQuest.BLL\bin\Debug\net8.0\LifeQuest.BLL.pdb" to "bin\Debug\net8.0\LifeQuest.BLL.pdb". Beginning retry 10 in 1000ms. The process cannot access the file 'C:\Users\RoYaA\source\repos\Mw8969040\LifeQuest\LIfeQuest.PresentationLayer\bin\Debug\net8.0\LifeQuest.BLL.pdb' because it is being used by another process. The file is locked by: "LIfeQuest.PL (17716)" [C:\Users\RoYaA\source\repos\Mw8969040\LifeQuest\LIfeQuest.PresentationLayer\LIfeQuest.PL.csproj]
C:\Program Files\dotnet\sdk\10.0.201\Microsoft.Common.CurrentVersion.targets(5094,5): warning MSB3026: Could not copy "C:\Users\RoYaA\source\repos\Mw8969040\LifeQuest\LifeQuest.BLL\bin\Debug\net8.0\LifeQuest.BLL.dll" to "bin\Debug\net8.0\LifeQuest.BLL.dll". Beginning retry 10 in 1000ms. The process cannot access the file 'C:\Users\RoYaA\source\repos\Mw8969040\LifeQuest\LIfeQuest.PresentationLayer\bin\Debug\net8.0\LifeQuest.BLL.dll' because it is being used by another process. The file is locked by: "LIfeQuest.PL (17716)" [C:\Users\RoYaA\source\repos\Mw8969040\LifeQuest\LIfeQuest.PresentationLayer\LIfeQuest.PL.csproj]
C:\Program Files\dotnet\sdk\10.0.201\Microsoft.Common.CurrentVersion.targets(5094,5): warning MSB3026: Could not copy "C:\Users\RoYaA\source\repos\Mw8969040\LifeQuest\LifeQuest.DAL\bin\Debug\net8.0\LifeQuest.DAL.pdb" to "bin\Debug\net8.0\LifeQuest.DAL.pdb". Beginning retry 10 in 1000ms. The process cannot access the file 'C:\Users\RoYaA\source\repos\Mw8969040\LifeQuest\LIfeQuest.PresentationLayer\bin\Debug\net8.0\LifeQuest.DAL.pdb' because it is being used by another process. The file is locked by: "LIfeQuest.PL (17716)" [C:\Users\RoYaA\source\repos\Mw8969040\LifeQuest\LIfeQuest.PresentationLayer\LIfeQuest.PL.csproj]
C:\Program Files\dotnet\sdk\10.0.201\Microsoft.Common.CurrentVersion.targets(5094,5): warning MSB3026: Could not copy "C:\Users\RoYaA\source\repos\Mw8969040\LifeQuest\LifeQuest.DAL\bin\Debug\net8.0\LifeQuest.DAL.dll" to "bin\Debug\net8.0\LifeQuest.DAL.dll". Beginning retry 10 in 1000ms. The process cannot access the file 'C:\Users\RoYaA\source\repos\Mw8969040\LifeQuest\LIfeQuest.PresentationLayer\bin\Debug\net8.0\LifeQuest.DAL.dll' because it is being used by another process. The file is locked by: "LIfeQuest.PL (17716)" [C:\Users\RoYaA\source\repos\Mw8969040\LifeQuest\LIfeQuest.PresentationLayer\LIfeQuest.PL.csproj]
C:\Program Files\dotnet\sdk\10.0.201\Microsoft.Common.CurrentVersion.targets(5094,5): error MSB3027: Could not copy "C:\Users\RoYaA\source\repos\Mw8969040\LifeQuest\LifeQuest.BLL\bin\Debug\net8.0\LifeQuest.BLL.pdb" to "bin\Debug\net8.0\LifeQuest.BLL.pdb". Exceeded retry count of 10. Failed. The file is locked by: "LIfeQuest.PL (17716)" [C:\Users\RoYaA\source\repos\Mw8969040\LifeQuest\LIfeQuest.PresentationLayer\LIfeQuest.PL.csproj]
C:\Program Files\dotnet\sdk\10.0.201\Microsoft.Common.CurrentVersion.targets(5094,5): error MSB3021: Unable to copy file "C:\Users\RoYaA\source\repos\Mw8969040\LifeQuest\LifeQuest.BLL\bin\Debug\net8.0\LifeQuest.BLL.pdb" to "bin\Debug\net8.0\LifeQuest.BLL.pdb". The process cannot access the file 'C:\Users\RoYaA\source\repos\Mw8969040\LifeQuest\LIfeQuest.PresentationLayer\bin\Debug\net8.0\LifeQuest.BLL.pdb' because it is being used by another process. [C:\Users\RoYaA\source\repos\Mw8969040\LifeQuest\LIfeQuest.PresentationLayer\LIfeQuest.PL.csproj]
C:\Program Files\dotnet\sdk\10.0.201\Microsoft.Common.CurrentVersion.targets(5094,5): error MSB3027: Could not copy "C:\Users\RoYaA\source\repos\Mw8969040\LifeQuest\LifeQuest.DAL\bin\Debug\net8.0\LifeQuest.DAL.pdb" to "bin\Debug\net8.0\LifeQuest.DAL.pdb". Exceeded retry count of 10. Failed. The file is locked by: "LIfeQuest.PL (17716)" [C:\Users\RoYaA\source\repos\Mw8969040\LifeQuest\LIfeQuest.PresentationLayer\LIfeQuest.PL.csproj]
C:\Program Files\dotnet\sdk\10.0.201\Microsoft.Common.CurrentVersion.targets(5094,5): error MSB3021: Unable to copy file "C:\Users\RoYaA\source\repos\Mw8969040\LifeQuest\LifeQuest.DAL\bin\Debug\net8.0\LifeQuest.DAL.pdb" to "bin\Debug\net8.0\LifeQuest.DAL.pdb". The process cannot access the file 'C:\Users\RoYaA\source\repos\Mw8969040\LifeQuest\LIfeQuest.PresentationLayer\bin\Debug\net8.0\LifeQuest.DAL.pdb' because it is being used by another process. [C:\Users\RoYaA\source\repos\Mw8969040\LifeQuest\LIfeQuest.PresentationLayer\LIfeQuest.PL.csproj]
C:\Program Files\dotnet\sdk\10.0.201\Microsoft.Common.CurrentVersion.targets(5094,5): error MSB3027: Could not copy "C:\Users\RoYaA\source\repos\Mw8969040\LifeQuest\LifeQuest.BLL\bin\Debug\net8.0\LifeQuest.BLL.dll" to "bin\Debug\net8.0\LifeQuest.BLL.dll". Exceeded retry count of 10. Failed. The file is locked by: "LIfeQuest.PL (17716)" [C:\Users\RoYaA\source\repos\Mw8969040\LifeQuest\LIfeQuest.PresentationLayer\LIfeQuest.PL.csproj]
C:\Program Files\dotnet\sdk\10.0.201\Microsoft.Common.CurrentVersion.targets(5094,5): error MSB3021: Unable to copy file "C:\Users\RoYaA\source\repos\Mw8969040\LifeQuest\LifeQuest.BLL\bin\Debug\net8.0\LifeQuest.BLL.dll" to "bin\Debug\net8.0\LifeQuest.BLL.dll". The process cannot access the file 'C:\Users\RoYaA\source\repos\Mw8969040\LifeQuest\LIfeQuest.PresentationLayer\bin\Debug\net8.0\LifeQuest.BLL.dll' because it is being used by another process. [C:\Users\RoYaA\source\repos\Mw8969040\LifeQuest\LIfeQuest.PresentationLayer\LIfeQuest.PL.csproj]
C:\Program Files\dotnet\sdk\10.0.201\Microsoft.Common.CurrentVersion.targets(5094,5): error MSB3027: Could not copy "C:\Users\RoYaA\source\repos\Mw8969040\LifeQuest\LifeQuest.DAL\bin\Debug\net8.0\LifeQuest.DAL.dll" to "bin\Debug\net8.0\LifeQuest.DAL.dll". Exceeded retry count of 10. Failed. The file is locked by: "LIfeQuest.PL (17716)" [C:\Users\RoYaA\source\repos\Mw8969040\LifeQuest\LIfeQuest.PresentationLayer\LIfeQuest.PL.csproj]
C:\Program Files\dotnet\sdk\10.0.201\Microsoft.Common.CurrentVersion.targets(5094,5): error MSB3021: Unable to copy file "C:\Users\RoYaA\source\repos\Mw8969040\LifeQuest\LifeQuest.DAL\bin\Debug\net8.0\LifeQuest.DAL.dll" to "bin\Debug\net8.0\LifeQuest.DAL.dll". The process cannot access the file 'C:\Users\RoYaA\source\repos\Mw8969040\LifeQuest\LIfeQuest.PresentationLayer\bin\Debug\net8.0\LifeQuest.DAL.dll' because it is being used by another process. [C:\Users\RoYaA\source\repos\Mw8969040\LifeQuest\LIfeQuest.PresentationLayer\LIfeQuest.PL.csproj]

Build FAILED.

C:\Users\RoYaA\source\repos\Mw8969040\LifeQuest\LifeQuest.DAL\LifeQuest.DAL.csproj : warning NU1903: Package 'AutoMapper' 12.0.1 has a known high severity vulnerability, https://github.com/advisories/GHSA-rvv3-g6hj-g44x [C:\Users\RoYaA\source\repos\Mw8969040\LifeQuest\LifeQuest.sln]
C:\Users\RoYaA\source\repos\Mw8969040\LifeQuest\LifeQuest.BLL\LifeQuest.BLL.csproj : warning NU1903: Package 'AutoMapper' 12.0.1 has a known high severity vulnerability, https://github.com/advisories/GHSA-rvv3-g6hj-g44x [C:\Users\RoYaA\source\repos\Mw8969040\LifeQuest\LifeQuest.sln]
C:\Users\RoYaA\source\repos\Mw8969040\LifeQuest\LIfeQuest.PresentationLayer\LIfeQuest.PL.csproj : warning NU1903: Package 'AutoMapper' 12.0.1 has a known high severity vulnerability, https://github.com/advisories/GHSA-rvv3-g6hj-g44x [C:\Users\RoYaA\source\repos\Mw8969040\LifeQuest\LifeQuest.sln]
C:\Users\RoYaA\source\repos\Mw8969040\LifeQuest\LifeQuest.BLL\LifeQuest.BLL.csproj : warning NU1903: Package 'AutoMapper' 12.0.1 has a known high severity vulnerability, https://github.com/advisories/GHSA-rvv3-g6hj-g44x
C:\Users\RoYaA\source\repos\Mw8969040\LifeQuest\LifeQuest.DAL\LifeQuest.DAL.csproj : warning NU1903: Package 'AutoMapper' 12.0.1 has a known high severity vulnerability, https://github.com/advisories/GHSA-rvv3-g6hj-g44x
C:\Users\RoYaA\source\repos\Mw8969040\LifeQuest\LIfeQuest.PresentationLayer\LIfeQuest.PL.csproj : warning NU1903: Package 'AutoMapper' 12.0.1 has a known high severity vulnerability, https://github.com/advisories/GHSA-rvv3-g6hj-g44x
C:\Program Files\dotnet\sdk\10.0.201\Microsoft.Common.CurrentVersion.targets(5094,5): warning MSB3026: Could not copy "C:\Users\RoYaA\source\repos\Mw8969040\LifeQuest\LifeQuest.DAL\bin\Debug\net8.0\LifeQuest.DAL.dll" to "bin\Debug\net8.0\LifeQuest.DAL.dll". Beginning retry 1 in 1000ms. The process cannot access the file 'C:\Users\RoYaA\source\repos\Mw8969040\LifeQuest\LIfeQuest.PresentationLayer\bin\Debug\net8.0\LifeQuest.DAL.dll' because it is being used by another process. The file is locked by: "LIfeQuest.PL (17716)" [C:\Users\RoYaA\source\repos\Mw8969040\LifeQuest\LIfeQuest.PresentationLayer\LIfeQuest.PL.csproj]
C:\Program Files\dotnet\sdk\10.0.201\Microsoft.Common.CurrentVersion.targets(5094,5): warning MSB3026: Could not copy "C:\Users\RoYaA\source\repos\Mw8969040\LifeQuest\LifeQuest.BLL\bin\Debug\net8.0\LifeQuest.BLL.pdb" to "bin\Debug\net8.0\LifeQuest.BLL.pdb". Beginning retry 1 in 1000ms. The process cannot access the file 'C:\Users\RoYaA\source\repos\Mw8969040\LifeQuest\LIfeQuest.PresentationLayer\bin\Debug\net8.0\LifeQuest.BLL.pdb' because it is being used by another process. The file is locked by: "LIfeQuest.PL (17716)" [C:\Users\RoYaA\source\repos\Mw8969040\LifeQuest\LIfeQuest.PresentationLayer\LIfeQuest.PL.csproj]
C:\Program Files\dotnet\sdk\10.0.201\Microsoft.Common.CurrentVersion.targets(5094,5): warning MSB3026: Could not copy "C:\Users\RoYaA\source\repos\Mw8969040\LifeQuest\LifeQuest.DAL\bin\Debug\net8.0\LifeQuest.DAL.pdb" to "bin\Debug\net8.0\LifeQuest.DAL.pdb". Beginning retry 1 in 1000ms. The process cannot access the file 'C:\Users\RoYaA\source\repos\Mw8969040\LifeQuest\LIfeQuest.PresentationLayer\bin\Debug\net8.0\LifeQuest.DAL.pdb' because it is being used by another process. The file is locked by: "LIfeQuest.PL (17716)" [C:\Users\RoYaA\source\repos\Mw8969040\LifeQuest\LIfeQuest.PresentationLayer\LIfeQuest.PL.csproj]
C:\Program Files\dotnet\sdk\10.0.201\Microsoft.Common.CurrentVersion.targets(5094,5): warning MSB3026: Could not copy "C:\Users\RoYaA\source\repos\Mw8969040\LifeQuest\LifeQuest.BLL\bin\Debug\net8.0\LifeQuest.BLL.dll" to "bin\Debug\net8.0\LifeQuest.BLL.dll". Beginning retry 1 in 1000ms. The process cannot access the file 'C:\Users\RoYaA\source\repos\Mw8969040\LifeQuest\LIfeQuest.PresentationLayer\bin\Debug\net8.0\LifeQuest.BLL.dll' because it is being used by another process. The file is locked by: "LIfeQuest.PL (17716)" [C:\Users\RoYaA\source\repos\Mw8969040\LifeQuest\LIfeQuest.PresentationLayer\LIfeQuest.PL.csproj]
C:\Program Files\dotnet\sdk\10.0.201\Microsoft.Common.CurrentVersion.targets(5094,5): warning MSB3026: Could not copy "C:\Users\RoYaA\source\repos\Mw8969040\LifeQuest\LifeQuest.BLL\bin\Debug\net8.0\LifeQuest.BLL.dll" to "bin\Debug\net8.0\LifeQuest.BLL.dll". Beginning retry 2 in 1000ms. The process cannot access the file 'C:\Users\RoYaA\source\repos\Mw8969040\LifeQuest\LIfeQuest.PresentationLayer\bin\Debug\net8.0\LifeQuest.BLL.dll' because it is being used by another process. The file is locked by: "LIfeQuest.PL (17716)" [C:\Users\RoYaA\source\repos\Mw8969040\LifeQuest\LIfeQuest.PresentationLayer\LIfeQuest.PL.csproj]
C:\Program Files\dotnet\sdk\10.0.201\Microsoft.Common.CurrentVersion.targets(5094,5): warning MSB3026: Could not copy "C:\Users\RoYaA\source\repos\Mw8969040\LifeQuest\LifeQuest.DAL\bin\Debug\net8.0\LifeQuest.DAL.pdb" to "bin\Debug\net8.0\LifeQuest.DAL.pdb". Beginning retry 2 in 1000ms. The process cannot access the file 'C:\Users\RoYaA\source\repos\Mw8969040\LifeQuest\LIfeQuest.PresentationLayer\bin\Debug\net8.0\LifeQuest.DAL.pdb' because it is being used by another process. The file is locked by: "LIfeQuest.PL (17716)" [C:\Users\RoYaA\source\repos\Mw8969040\LifeQuest\LIfeQuest.PresentationLayer\LIfeQuest.PL.csproj]
C:\Program Files\dotnet\sdk\10.0.201\Microsoft.Common.CurrentVersion.targets(5094,5): warning MSB3026: Could not copy "C:\Users\RoYaA\source\repos\Mw8969040\LifeQuest\LifeQuest.BLL\bin\Debug\net8.0\LifeQuest.BLL.pdb" to "bin\Debug\net8.0\LifeQuest.BLL.pdb". Beginning retry 2 in 1000ms. The process cannot access the file 'C:\Users\RoYaA\source\repos\Mw8969040\LifeQuest\LIfeQuest.PresentationLayer\bin\Debug\net8.0\LifeQuest.BLL.pdb' because it is being used by another process. The file is locked by: "LIfeQuest.PL (17716)" [C:\Users\RoYaA\source\repos\Mw8969040\LifeQuest\LIfeQuest.PresentationLayer\LIfeQuest.PL.csproj]
C:\Program Files\dotnet\sdk\10.0.201\Microsoft.Common.CurrentVersion.targets(5094,5): warning MSB3026: Could not copy "C:\Users\RoYaA\source\repos\Mw8969040\LifeQuest\LifeQuest.DAL\bin\Debug\net8.0\LifeQuest.DAL.dll" to "bin\Debug\net8.0\LifeQuest.DAL.dll". Beginning retry 2 in 1000ms. The process cannot access the file 'C:\Users\RoYaA\source\repos\Mw8969040\LifeQuest\LIfeQuest.PresentationLayer\bin\Debug\net8.0\LifeQuest.DAL.dll' because it is being used by another process. The file is locked by: "LIfeQuest.PL (17716)" [C:\Users\RoYaA\source\repos\Mw8969040\LifeQuest\LIfeQuest.PresentationLayer\LIfeQuest.PL.csproj]
C:\Program Files\dotnet\sdk\10.0.201\Microsoft.Common.CurrentVersion.targets(5094,5): warning MSB3026: Could not copy "C:\Users\RoYaA\source\repos\Mw8969040\LifeQuest\LifeQuest.DAL\bin\Debug\net8.0\LifeQuest.DAL.dll" to "bin\Debug\net8.0\LifeQuest.DAL.dll". Beginning retry 3 in 1000ms. The process cannot access the file 'C:\Users\RoYaA\source\repos\Mw8969040\LifeQuest\LIfeQuest.PresentationLayer\bin\Debug\net8.0\LifeQuest.DAL.dll' because it is being used by another process. The file is locked by: "LIfeQuest.PL (17716)" [C:\Users\RoYaA\source\repos\Mw8969040\LifeQuest\LIfeQuest.PresentationLayer\LIfeQuest.PL.csproj]
C:\Program Files\dotnet\sdk\10.0.201\Microsoft.Common.CurrentVersion.targets(5094,5): warning MSB3026: Could not copy "C:\Users\RoYaA\source\repos\Mw8969040\LifeQuest\LifeQuest.BLL\bin\Debug\net8.0\LifeQuest.BLL.pdb" to "bin\Debug\net8.0\LifeQuest.BLL.pdb". Beginning retry 3 in 1000ms. The process cannot access the file 'C:\Users\RoYaA\source\repos\Mw8969040\LifeQuest\LIfeQuest.PresentationLayer\bin\Debug\net8.0\LifeQuest.BLL.pdb' because it is being used by another process. The file is locked by: "LIfeQuest.PL (17716)" [C:\Users\RoYaA\source\repos\Mw8969040\LifeQuest\LIfeQuest.PresentationLayer\LIfeQuest.PL.csproj]
C:\Program Files\dotnet\sdk\10.0.201\Microsoft.Common.CurrentVersion.targets(5094,5): warning MSB3026: Could not copy "C:\Users\RoYaA\source\repos\Mw8969040\LifeQuest\LifeQuest.BLL\bin\Debug\net8.0\LifeQuest.BLL.dll" to "bin\Debug\net8.0\LifeQuest.BLL.dll". Beginning retry 3 in 1000ms. The process cannot access the file 'C:\Users\RoYaA\source\repos\Mw8969040\LifeQuest\LIfeQuest.PresentationLayer\bin\Debug\net8.0\LifeQuest.BLL.dll' because it is being used by another process. The file is locked by: "LIfeQuest.PL (17716)" [C:\Users\RoYaA\source\repos\Mw8969040\LifeQuest\LIfeQuest.PresentationLayer\LIfeQuest.PL.csproj]
C:\Program Files\dotnet\sdk\10.0.201\Microsoft.Common.CurrentVersion.targets(5094,5): warning MSB3026: Could not copy "C:\Users\RoYaA\source\repos\Mw8969040\LifeQuest\LifeQuest.DAL\bin\Debug\net8.0\LifeQuest.DAL.pdb" to "bin\Debug\net8.0\LifeQuest.DAL.pdb". Beginning retry 3 in 1000ms. The process cannot access the file 'C:\Users\RoYaA\source\repos\Mw8969040\LifeQuest\LIfeQuest.PresentationLayer\bin\Debug\net8.0\LifeQuest.DAL.pdb' because it is being used by another process. The file is locked by: "LIfeQuest.PL (17716)" [C:\Users\RoYaA\source\repos\Mw8969040\LifeQuest\LIfeQuest.PresentationLayer\LIfeQuest.PL.csproj]
C:\Program Files\dotnet\sdk\10.0.201\Microsoft.Common.CurrentVersion.targets(5094,5): warning MSB3026: Could not copy "C:\Users\RoYaA\source\repos\Mw8969040\LifeQuest\LifeQuest.DAL\bin\Debug\net8.0\LifeQuest.DAL.dll" to "bin\Debug\net8.0\LifeQuest.DAL.dll". Beginning retry 4 in 1000ms. The process cannot access the file 'C:\Users\RoYaA\source\repos\Mw8969040\LifeQuest\LIfeQuest.PresentationLayer\bin\Debug\net8.0\LifeQuest.DAL.dll' because it is being used by another process. The file is locked by: "LIfeQuest.PL (17716)" [C:\Users\RoYaA\source\repos\Mw8969040\LifeQuest\LIfeQuest.PresentationLayer\LIfeQuest.PL.csproj]
C:\Program Files\dotnet\sdk\10.0.201\Microsoft.Common.CurrentVersion.targets(5094,5): warning MSB3026: Could not copy "C:\Users\RoYaA\source\repos\Mw8969040\LifeQuest\LifeQuest.BLL\bin\Debug\net8.0\LifeQuest.BLL.pdb" to "bin\Debug\net8.0\LifeQuest.BLL.pdb". Beginning retry 4 in 1000ms. The process cannot access the file 'C:\Users\RoYaA\source\repos\Mw8969040\LifeQuest\LIfeQuest.PresentationLayer\bin\Debug\net8.0\LifeQuest.BLL.pdb' because it is being used by another process. The file is locked by: "LIfeQuest.PL (17716)" [C:\Users\RoYaA\source\repos\Mw8969040\LifeQuest\LIfeQuest.PresentationLayer\LIfeQuest.PL.csproj]
C:\Program Files\dotnet\sdk\10.0.201\Microsoft.Common.CurrentVersion.targets(5094,5): warning MSB3026: Could not copy "C:\Users\RoYaA\source\repos\Mw8969040\LifeQuest\LifeQuest.DAL\bin\Debug\net8.0\LifeQuest.DAL.pdb" to "bin\Debug\net8.0\LifeQuest.DAL.pdb". Beginning retry 4 in 1000ms. The process cannot access the file 'C:\Users\RoYaA\source\repos\Mw8969040\LifeQuest\LIfeQuest.PresentationLayer\bin\Debug\net8.0\LifeQuest.DAL.pdb' because it is being used by another process. The file is locked by: "LIfeQuest.PL (17716)" [C:\Users\RoYaA\source\repos\Mw8969040\LifeQuest\LIfeQuest.PresentationLayer\LIfeQuest.PL.csproj]
C:\Program Files\dotnet\sdk\10.0.201\Microsoft.Common.CurrentVersion.targets(5094,5): warning MSB3026: Could not copy "C:\Users\RoYaA\source\repos\Mw8969040\LifeQuest\LifeQuest.BLL\bin\Debug\net8.0\LifeQuest.BLL.dll" to "bin\Debug\net8.0\LifeQuest.BLL.dll". Beginning retry 4 in 1000ms. The process cannot access the file 'C:\Users\RoYaA\source\repos\Mw8969040\LifeQuest\LIfeQuest.PresentationLayer\bin\Debug\net8.0\LifeQuest.BLL.dll' because it is being used by another process. The file is locked by: "LIfeQuest.PL (17716)" [C:\Users\RoYaA\source\repos\Mw8969040\LifeQuest\LIfeQuest.PresentationLayer\LIfeQuest.PL.csproj]
C:\Program Files\dotnet\sdk\10.0.201\Microsoft.Common.CurrentVersion.targets(5094,5): warning MSB3026: Could not copy "C:\Users\RoYaA\source\repos\Mw8969040\LifeQuest\LifeQuest.DAL\bin\Debug\net8.0\LifeQuest.DAL.pdb" to "bin\Debug\net8.0\LifeQuest.DAL.pdb". Beginning retry 5 in 1000ms. The process cannot access the file 'C:\Users\RoYaA\source\repos\Mw8969040\LifeQuest\LIfeQuest.PresentationLayer\bin\Debug\net8.0\LifeQuest.DAL.pdb' because it is being used by another process. The file is locked by: "LIfeQuest.PL (17716)" [C:\Users\RoYaA\source\repos\Mw8969040\LifeQuest\LIfeQuest.PresentationLayer\LIfeQuest.PL.csproj]
C:\Program Files\dotnet\sdk\10.0.201\Microsoft.Common.CurrentVersion.targets(5094,5): warning MSB3026: Could not copy "C:\Users\RoYaA\source\repos\Mw8969040\LifeQuest\LifeQuest.BLL\bin\Debug\net8.0\LifeQuest.BLL.pdb" to "bin\Debug\net8.0\LifeQuest.BLL.pdb". Beginning retry 5 in 1000ms. The process cannot access the file 'C:\Users\RoYaA\source\repos\Mw8969040\LifeQuest\LIfeQuest.PresentationLayer\bin\Debug\net8.0\LifeQuest.BLL.pdb' because it is being used by another process. The file is locked by: "LIfeQuest.PL (17716)" [C:\Users\RoYaA\source\repos\Mw8969040\LifeQuest\LIfeQuest.PresentationLayer\LIfeQuest.PL.csproj]
C:\Program Files\dotnet\sdk\10.0.201\Microsoft.Common.CurrentVersion.targets(5094,5): warning MSB3026: Could not copy "C:\Users\RoYaA\source\repos\Mw8969040\LifeQuest\LifeQuest.BLL\bin\Debug\net8.0\LifeQuest.BLL.dll" to "bin\Debug\net8.0\LifeQuest.BLL.dll". Beginning retry 5 in 1000ms. The process cannot access the file 'C:\Users\RoYaA\source\repos\Mw8969040\LifeQuest\LIfeQuest.PresentationLayer\bin\Debug\net8.0\LifeQuest.BLL.dll' because it is being used by another process. The file is locked by: "LIfeQuest.PL (17716)" [C:\Users\RoYaA\source\repos\Mw8969040\LifeQuest\LIfeQuest.PresentationLayer\LIfeQuest.PL.csproj]
C:\Program Files\dotnet\sdk\10.0.201\Microsoft.Common.CurrentVersion.targets(5094,5): warning MSB3026: Could not copy "C:\Users\RoYaA\source\repos\Mw8969040\LifeQuest\LifeQuest.DAL\bin\Debug\net8.0\LifeQuest.DAL.dll" to "bin\Debug\net8.0\LifeQuest.DAL.dll". Beginning retry 5 in 1000ms. The process cannot access the file 'C:\Users\RoYaA\source\repos\Mw8969040\LifeQuest\LIfeQuest.PresentationLayer\bin\Debug\net8.0\LifeQuest.DAL.dll' because it is being used by another process. The file is locked by: "LIfeQuest.PL (17716)" [C:\Users\RoYaA\source\repos\Mw8969040\LifeQuest\LIfeQuest.PresentationLayer\LIfeQuest.PL.csproj]
C:\Program Files\dotnet\sdk\10.0.201\Microsoft.Common.CurrentVersion.targets(5094,5): warning MSB3026: Could not copy "C:\Users\RoYaA\source\repos\Mw8969040\LifeQuest\LifeQuest.DAL\bin\Debug\net8.0\LifeQuest.DAL.dll" to "bin\Debug\net8.0\LifeQuest.DAL.dll". Beginning retry 6 in 1000ms. The process cannot access the file 'C:\Users\RoYaA\source\repos\Mw8969040\LifeQuest\LIfeQuest.PresentationLayer\bin\Debug\net8.0\LifeQuest.DAL.dll' because it is being used by another process. The file is locked by: "LIfeQuest.PL (17716)" [C:\Users\RoYaA\source\repos\Mw8969040\LifeQuest\LIfeQuest.PresentationLayer\LIfeQuest.PL.csproj]
C:\Program Files\dotnet\sdk\10.0.201\Microsoft.Common.CurrentVersion.targets(5094,5): warning MSB3026: Could not copy "C:\Users\RoYaA\source\repos\Mw8969040\LifeQuest\LifeQuest.BLL\bin\Debug\net8.0\LifeQuest.BLL.dll" to "bin\Debug\net8.0\LifeQuest.BLL.dll". Beginning retry 6 in 1000ms. The process cannot access the file 'C:\Users\RoYaA\source\repos\Mw8969040\LifeQuest\LIfeQuest.PresentationLayer\bin\Debug\net8.0\LifeQuest.BLL.dll' because it is being used by another process. The file is locked by: "LIfeQuest.PL (17716)" [C:\Users\RoYaA\source\repos\Mw8969040\LifeQuest\LIfeQuest.PresentationLayer\LIfeQuest.PL.csproj]
C:\Program Files\dotnet\sdk\10.0.201\Microsoft.Common.CurrentVersion.targets(5094,5): warning MSB3026: Could not copy "C:\Users\RoYaA\source\repos\Mw8969040\LifeQuest\LifeQuest.DAL\bin\Debug\net8.0\LifeQuest.DAL.pdb" to "bin\Debug\net8.0\LifeQuest.DAL.pdb". Beginning retry 6 in 1000ms. The process cannot access the file 'C:\Users\RoYaA\source\repos\Mw8969040\LifeQuest\LIfeQuest.PresentationLayer\bin\Debug\net8.0\LifeQuest.DAL.pdb' because it is being used by another process. The file is locked by: "LIfeQuest.PL (17716)" [C:\Users\RoYaA\source\repos\Mw8969040\LifeQuest\LIfeQuest.PresentationLayer\LIfeQuest.PL.csproj]
C:\Program Files\dotnet\sdk\10.0.201\Microsoft.Common.CurrentVersion.targets(5094,5): warning MSB3026: Could not copy "C:\Users\RoYaA\source\repos\Mw8969040\LifeQuest\LifeQuest.BLL\bin\Debug\net8.0\LifeQuest.BLL.pdb" to "bin\Debug\net8.0\LifeQuest.BLL.pdb". Beginning retry 6 in 1000ms. The process cannot access the file 'C:\Users\RoYaA\source\repos\Mw8969040\LifeQuest\LIfeQuest.PresentationLayer\bin\Debug\net8.0\LifeQuest.BLL.pdb' because it is being used by another process. The file is locked by: "LIfeQuest.PL (17716)" [C:\Users\RoYaA\source\repos\Mw8969040\LifeQuest\LIfeQuest.PresentationLayer\LIfeQuest.PL.csproj]
C:\Program Files\dotnet\sdk\10.0.201\Microsoft.Common.CurrentVersion.targets(5094,5): warning MSB3026: Could not copy "C:\Users\RoYaA\source\repos\Mw8969040\LifeQuest\LifeQuest.DAL\bin\Debug\net8.0\LifeQuest.DAL.dll" to "bin\Debug\net8.0\LifeQuest.DAL.dll". Beginning retry 7 in 1000ms. The process cannot access the file 'C:\Users\RoYaA\source\repos\Mw8969040\LifeQuest\LIfeQuest.PresentationLayer\bin\Debug\net8.0\LifeQuest.DAL.dll' because it is being used by another process. The file is locked by: "LIfeQuest.PL (17716)" [C:\Users\RoYaA\source\repos\Mw8969040\LifeQuest\LIfeQuest.PresentationLayer\LIfeQuest.PL.csproj]
C:\Program Files\dotnet\sdk\10.0.201\Microsoft.Common.CurrentVersion.targets(5094,5): warning MSB3026: Could not copy "C:\Users\RoYaA\source\repos\Mw8969040\LifeQuest\LifeQuest.BLL\bin\Debug\net8.0\LifeQuest.BLL.dll" to "bin\Debug\net8.0\LifeQuest.BLL.dll". Beginning retry 7 in 1000ms. The process cannot access the file 'C:\Users\RoYaA\source\repos\Mw8969040\LifeQuest\LIfeQuest.PresentationLayer\bin\Debug\net8.0\LifeQuest.BLL.dll' because it is being used by another process. The file is locked by: "LIfeQuest.PL (17716)" [C:\Users\RoYaA\source\repos\Mw8969040\LifeQuest\LIfeQuest.PresentationLayer\LIfeQuest.PL.csproj]
C:\Program Files\dotnet\sdk\10.0.201\Microsoft.Common.CurrentVersion.targets(5094,5): warning MSB3026: Could not copy "C:\Users\RoYaA\source\repos\Mw8969040\LifeQuest\LifeQuest.BLL\bin\Debug\net8.0\LifeQuest.BLL.pdb" to "bin\Debug\net8.0\LifeQuest.BLL.pdb". Beginning retry 7 in 1000ms. The process cannot access the file 'C:\Users\RoYaA\source\repos\Mw8969040\LifeQuest\LIfeQuest.PresentationLayer\bin\Debug\net8.0\LifeQuest.BLL.pdb' because it is being used by another process. The file is locked by: "LIfeQuest.PL (17716)" [C:\Users\RoYaA\source\repos\Mw8969040\LifeQuest\LIfeQuest.PresentationLayer\LIfeQuest.PL.csproj]
C:\Program Files\dotnet\sdk\10.0.201\Microsoft.Common.CurrentVersion.targets(5094,5): warning MSB3026: Could not copy "C:\Users\RoYaA\source\repos\Mw8969040\LifeQuest\LifeQuest.DAL\bin\Debug\net8.0\LifeQuest.DAL.pdb" to "bin\Debug\net8.0\LifeQuest.DAL.pdb". Beginning retry 7 in 1000ms. The process cannot access the file 'C:\Users\RoYaA\source\repos\Mw8969040\LifeQuest\LIfeQuest.PresentationLayer\bin\Debug\net8.0\LifeQuest.DAL.pdb' because it is being used by another process. The file is locked by: "LIfeQuest.PL (17716)" [C:\Users\RoYaA\source\repos\Mw8969040\LifeQuest\LIfeQuest.PresentationLayer\LIfeQuest.PL.csproj]
C:\Program Files\dotnet\sdk\10.0.201\Microsoft.Common.CurrentVersion.targets(5094,5): warning MSB3026: Could not copy "C:\Users\RoYaA\source\repos\Mw8969040\LifeQuest\LifeQuest.DAL\bin\Debug\net8.0\LifeQuest.DAL.pdb" to "bin\Debug\net8.0\LifeQuest.DAL.pdb". Beginning retry 8 in 1000ms. The process cannot access the file 'C:\Users\RoYaA\source\repos\Mw8969040\LifeQuest\LIfeQuest.PresentationLayer\bin\Debug\net8.0\LifeQuest.DAL.pdb' because it is being used by another process. The file is locked by: "LIfeQuest.PL (17716)" [C:\Users\RoYaA\source\repos\Mw8969040\LifeQuest\LIfeQuest.PresentationLayer\LIfeQuest.PL.csproj]
C:\Program Files\dotnet\sdk\10.0.201\Microsoft.Common.CurrentVersion.targets(5094,5): warning MSB3026: Could not copy "C:\Users\RoYaA\source\repos\Mw8969040\LifeQuest\LifeQuest.DAL\bin\Debug\net8.0\LifeQuest.DAL.dll" to "bin\Debug\net8.0\LifeQuest.DAL.dll". Beginning retry 8 in 1000ms. The process cannot access the file 'C:\Users\RoYaA\source\repos\Mw8969040\LifeQuest\LIfeQuest.PresentationLayer\bin\Debug\net8.0\LifeQuest.DAL.dll' because it is being used by another process. The file is locked by: "LIfeQuest.PL (17716)" [C:\Users\RoYaA\source\repos\Mw8969040\LifeQuest\LIfeQuest.PresentationLayer\LIfeQuest.PL.csproj]
C:\Program Files\dotnet\sdk\10.0.201\Microsoft.Common.CurrentVersion.targets(5094,5): warning MSB3026: Could not copy "C:\Users\RoYaA\source\repos\Mw8969040\LifeQuest\LifeQuest.BLL\bin\Debug\net8.0\LifeQuest.BLL.dll" to "bin\Debug\net8.0\LifeQuest.BLL.dll". Beginning retry 8 in 1000ms. The process cannot access the file 'C:\Users\RoYaA\source\repos\Mw8969040\LifeQuest\LIfeQuest.PresentationLayer\bin\Debug\net8.0\LifeQuest.BLL.dll' because it is being used by another process. The file is locked by: "LIfeQuest.PL (17716)" [C:\Users\RoYaA\source\repos\Mw8969040\LifeQuest\LIfeQuest.PresentationLayer\LIfeQuest.PL.csproj]
C:\Program Files\dotnet\sdk\10.0.201\Microsoft.Common.CurrentVersion.targets(5094,5): warning MSB3026: Could not copy "C:\Users\RoYaA\source\repos\Mw8969040\LifeQuest\LifeQuest.BLL\bin\Debug\net8.0\LifeQuest.BLL.pdb" to "bin\Debug\net8.0\LifeQuest.BLL.pdb". Beginning retry 8 in 1000ms. The process cannot access the file 'C:\Users\RoYaA\source\repos\Mw8969040\LifeQuest\LIfeQuest.PresentationLayer\bin\Debug\net8.0\LifeQuest.BLL.pdb' because it is being used by another process. The file is locked by: "LIfeQuest.PL (17716)" [C:\Users\RoYaA\source\repos\Mw8969040\LifeQuest\LIfeQuest.PresentationLayer\LIfeQuest.PL.csproj]
C:\Program Files\dotnet\sdk\10.0.201\Microsoft.Common.CurrentVersion.targets(5094,5): warning MSB3026: Could not copy "C:\Users\RoYaA\source\repos\Mw8969040\LifeQuest\LifeQuest.BLL\bin\Debug\net8.0\LifeQuest.BLL.pdb" to "bin\Debug\net8.0\LifeQuest.BLL.pdb". Beginning retry 9 in 1000ms. The process cannot access the file 'C:\Users\RoYaA\source\repos\Mw8969040\LifeQuest\LIfeQuest.PresentationLayer\bin\Debug\net8.0\LifeQuest.BLL.pdb' because it is being used by another process. The file is locked by: "LIfeQuest.PL (17716)" [C:\Users\RoYaA\source\repos\Mw8969040\LifeQuest\LIfeQuest.PresentationLayer\LIfeQuest.PL.csproj]
C:\Program Files\dotnet\sdk\10.0.201\Microsoft.Common.CurrentVersion.targets(5094,5): warning MSB3026: Could not copy "C:\Users\RoYaA\source\repos\Mw8969040\LifeQuest\LifeQuest.DAL\bin\Debug\net8.0\LifeQuest.DAL.pdb" to "bin\Debug\net8.0\LifeQuest.DAL.pdb". Beginning retry 9 in 1000ms. The process cannot access the file 'C:\Users\RoYaA\source\repos\Mw8969040\LifeQuest\LIfeQuest.PresentationLayer\bin\Debug\net8.0\LifeQuest.DAL.pdb' because it is being used by another process. The file is locked by: "LIfeQuest.PL (17716)" [C:\Users\RoYaA\source\repos\Mw8969040\LifeQuest\LIfeQuest.PresentationLayer\LIfeQuest.PL.csproj]
C:\Program Files\dotnet\sdk\10.0.201\Microsoft.Common.CurrentVersion.targets(5094,5): warning MSB3026: Could not copy "C:\Users\RoYaA\source\repos\Mw8969040\LifeQuest\LifeQuest.BLL\bin\Debug\net8.0\LifeQuest.BLL.dll" to "bin\Debug\net8.0\LifeQuest.BLL.dll". Beginning retry 9 in 1000ms. The process cannot access the file 'C:\Users\RoYaA\source\repos\Mw8969040\LifeQuest\LIfeQuest.PresentationLayer\bin\Debug\net8.0\LifeQuest.BLL.dll' because it is being used by another process. The file is locked by: "LIfeQuest.PL (17716)" [C:\Users\RoYaA\source\repos\Mw8969040\LifeQuest\LIfeQuest.PresentationLayer\LIfeQuest.PL.csproj]
C:\Program Files\dotnet\sdk\10.0.201\Microsoft.Common.CurrentVersion.targets(5094,5): warning MSB3026: Could not copy "C:\Users\RoYaA\source\repos\Mw8969040\LifeQuest\LifeQuest.DAL\bin\Debug\net8.0\LifeQuest.DAL.dll" to "bin\Debug\net8.0\LifeQuest.DAL.dll". Beginning retry 9 in 1000ms. The process cannot access the file 'C:\Users\RoYaA\source\repos\Mw8969040\LifeQuest\LIfeQuest.PresentationLayer\bin\Debug\net8.0\LifeQuest.DAL.dll' because it is being used by another process. The file is locked by: "LIfeQuest.PL (17716)" [C:\Users\RoYaA\source\repos\Mw8969040\LifeQuest\LIfeQuest.PresentationLayer\LIfeQuest.PL.csproj]
C:\Program Files\dotnet\sdk\10.0.201\Microsoft.Common.CurrentVersion.targets(5094,5): warning MSB3026: Could not copy "C:\Users\RoYaA\source\repos\Mw8969040\LifeQuest\LifeQuest.BLL\bin\Debug\net8.0\LifeQuest.BLL.pdb" to "bin\Debug\net8.0\LifeQuest.BLL.pdb". Beginning retry 10 in 1000ms. The process cannot access the file 'C:\Users\RoYaA\source\repos\Mw8969040\LifeQuest\LIfeQuest.PresentationLayer\bin\Debug\net8.0\LifeQuest.BLL.pdb' because it is being used by another process. The file is locked by: "LIfeQuest.PL (17716)" [C:\Users\RoYaA\source\repos\Mw8969040\LifeQuest\LIfeQuest.PresentationLayer\LIfeQuest.PL.csproj]
C:\Program Files\dotnet\sdk\10.0.201\Microsoft.Common.CurrentVersion.targets(5094,5): warning MSB3026: Could not copy "C:\Users\RoYaA\source\repos\Mw8969040\LifeQuest\LifeQuest.BLL\bin\Debug\net8.0\LifeQuest.BLL.dll" to "bin\Debug\net8.0\LifeQuest.BLL.dll". Beginning retry 10 in 1000ms. The process cannot access the file 'C:\Users\RoYaA\source\repos\Mw8969040\LifeQuest\LIfeQuest.PresentationLayer\bin\Debug\net8.0\LifeQuest.BLL.dll' because it is being used by another process. The file is locked by: "LIfeQuest.PL (17716)" [C:\Users\RoYaA\source\repos\Mw8969040\LifeQuest\LIfeQuest.PresentationLayer\LIfeQuest.PL.csproj]
C:\Program Files\dotnet\sdk\10.0.201\Microsoft.Common.CurrentVersion.targets(5094,5): warning MSB3026: Could not copy "C:\Users\RoYaA\source\repos\Mw8969040\LifeQuest\LifeQuest.DAL\bin\Debug\net8.0\LifeQuest.DAL.pdb" to "bin\Debug\net8.0\LifeQuest.DAL.pdb". Beginning retry 10 in 1000ms. The process cannot access the file 'C:\Users\RoYaA\source\repos\Mw8969040\LifeQuest\LIfeQuest.PresentationLayer\bin\Debug\net8.0\LifeQuest.DAL.pdb' because it is being used by another process. The file is locked by: "LIfeQuest.PL (17716)" [C:\Users\RoYaA\source\repos\Mw8969040\LifeQuest\LIfeQuest.PresentationLayer\LIfeQuest.PL.csproj]
C:\Program Files\dotnet\sdk\10.0.201\Microsoft.Common.CurrentVersion.targets(5094,5): warning MSB3026: Could not copy "C:\Users\RoYaA\source\repos\Mw8969040\LifeQuest\LifeQuest.DAL\bin\Debug\net8.0\LifeQuest.DAL.dll" to "bin\Debug\net8.0\LifeQuest.DAL.dll". Beginning retry 10 in 1000ms. The process cannot access the file 'C:\Users\RoYaA\source\repos\Mw8969040\LifeQuest\LIfeQuest.PresentationLayer\bin\Debug\net8.0\LifeQuest.DAL.dll' because it is being used by another process. The file is locked by: "LIfeQuest.PL (17716)" [C:\Users\RoYaA\source\repos\Mw8969040\LifeQuest\LIfeQuest.PresentationLayer\LIfeQuest.PL.csproj]
C:\Program Files\dotnet\sdk\10.0.201\Microsoft.Common.CurrentVersion.targets(5094,5): error MSB3027: Could not copy "C:\Users\RoYaA\source\repos\Mw8969040\LifeQuest\LifeQuest.BLL\bin\Debug\net8.0\LifeQuest.BLL.pdb" to "bin\Debug\net8.0\LifeQuest.BLL.pdb". Exceeded retry count of 10. Failed. The file is locked by: "LIfeQuest.PL (17716)" [C:\Users\RoYaA\source\repos\Mw8969040\LifeQuest\LIfeQuest.PresentationLayer\LIfeQuest.PL.csproj]
C:\Program Files\dotnet\sdk\10.0.201\Microsoft.Common.CurrentVersion.targets(5094,5): error MSB3021: Unable to copy file "C:\Users\RoYaA\source\repos\Mw8969040\LifeQuest\LifeQuest.BLL\bin\Debug\net8.0\LifeQuest.BLL.pdb" to "bin\Debug\net8.0\LifeQuest.BLL.pdb". The process cannot access the file 'C:\Users\RoYaA\source\repos\Mw8969040\LifeQuest\LIfeQuest.PresentationLayer\bin\Debug\net8.0\LifeQuest.BLL.pdb' because it is being used by another process. [C:\Users\RoYaA\source\repos\Mw8969040\LifeQuest\LIfeQuest.PresentationLayer\LIfeQuest.PL.csproj]
C:\Program Files\dotnet\sdk\10.0.201\Microsoft.Common.CurrentVersion.targets(5094,5): error MSB3027: Could not copy "C:\Users\RoYaA\source\repos\Mw8969040\LifeQuest\LifeQuest.DAL\bin\Debug\net8.0\LifeQuest.DAL.pdb" to "bin\Debug\net8.0\LifeQuest.DAL.pdb". Exceeded retry count of 10. Failed. The file is locked by: "LIfeQuest.PL (17716)" [C:\Users\RoYaA\source\repos\Mw8969040\LifeQuest\LIfeQuest.PresentationLayer\LIfeQuest.PL.csproj]
C:\Program Files\dotnet\sdk\10.0.201\Microsoft.Common.CurrentVersion.targets(5094,5): error MSB3021: Unable to copy file "C:\Users\RoYaA\source\repos\Mw8969040\LifeQuest\LifeQuest.DAL\bin\Debug\net8.0\LifeQuest.DAL.pdb" to "bin\Debug\net8.0\LifeQuest.DAL.pdb". The process cannot access the file 'C:\Users\RoYaA\source\repos\Mw8969040\LifeQuest\LIfeQuest.PresentationLayer\bin\Debug\net8.0\LifeQuest.DAL.pdb' because it is being used by another process. [C:\Users\RoYaA\source\repos\Mw8969040\LifeQuest\LIfeQuest.PresentationLayer\LIfeQuest.PL.csproj]
C:\Program Files\dotnet\sdk\10.0.201\Microsoft.Common.CurrentVersion.targets(5094,5): error MSB3027: Could not copy "C:\Users\RoYaA\source\repos\Mw8969040\LifeQuest\LifeQuest.BLL\bin\Debug\net8.0\LifeQuest.BLL.dll" to "bin\Debug\net8.0\LifeQuest.BLL.dll". Exceeded retry count of 10. Failed. The file is locked by: "LIfeQuest.PL (17716)" [C:\Users\RoYaA\source\repos\Mw8969040\LifeQuest\LIfeQuest.PresentationLayer\LIfeQuest.PL.csproj]
C:\Program Files\dotnet\sdk\10.0.201\Microsoft.Common.CurrentVersion.targets(5094,5): error MSB3021: Unable to copy file "C:\Users\RoYaA\source\repos\Mw8969040\LifeQuest\LifeQuest.BLL\bin\Debug\net8.0\LifeQuest.BLL.dll" to "bin\Debug\net8.0\LifeQuest.BLL.dll". The process cannot access the file 'C:\Users\RoYaA\source\repos\Mw8969040\LifeQuest\LIfeQuest.PresentationLayer\bin\Debug\net8.0\LifeQuest.BLL.dll' because it is being used by another process. [C:\Users\RoYaA\source\repos\Mw8969040\LifeQuest\LIfeQuest.PresentationLayer\LIfeQuest.PL.csproj]
C:\Program Files\dotnet\sdk\10.0.201\Microsoft.Common.CurrentVersion.targets(5094,5): error MSB3027: Could not copy "C:\Users\RoYaA\source\repos\Mw8969040\LifeQuest\LifeQuest.DAL\bin\Debug\net8.0\LifeQuest.DAL.dll" to "bin\Debug\net8.0\LifeQuest.DAL.dll". Exceeded retry count of 10. Failed. The file is locked by: "LIfeQuest.PL (17716)" [C:\Users\RoYaA\source\repos\Mw8969040\LifeQuest\LIfeQuest.PresentationLayer\LIfeQuest.PL.csproj]
C:\Program Files\dotnet\sdk\10.0.201\Microsoft.Common.CurrentVersion.targets(5094,5): error MSB3021: Unable to copy file "C:\Users\RoYaA\source\repos\Mw8969040\LifeQuest\LifeQuest.DAL\bin\Debug\net8.0\LifeQuest.DAL.dll" to "bin\Debug\net8.0\LifeQuest.DAL.dll". The process cannot access the file 'C:\Users\RoYaA\source\repos\Mw8969040\LifeQuest\LIfeQuest.PresentationLayer\bin\Debug\net8.0\LifeQuest.DAL.dll' because it is being used by another process. [C:\Users\RoYaA\source\repos\Mw8969040\LifeQuest\LIfeQuest.PresentationLayer\LIfeQuest.PL.csproj]
    46 Warning(s)
    8 Error(s)

Time Elapsed 00:00:14.22
